

 
 
labuser@labuser-virtual-machine:~$ git --version
git version 2.34.1
labuser@labuser-virtual-machine:~$ mkdir test1
labuser@labuser-virtual-machine:~$ cd test1
labuser@labuser-virtual-machine:~/test1$ git init
hint: Using 'master' as the name for the initial branch. This default branch name
hint: is subject to change. To configure the initial branch name to use in all
hint: of your new repositories, which will suppress this warning, call:
hint: 
hint: 	git config --global init.defaultBranch <name>
hint: 
hint: Names commonly chosen instead of 'master' are 'main', 'trunk' and
hint: 'development'. The just-created branch can be renamed via this command:
hint: 
hint: 	git branch -m <name>
Initialized empty Git repository in /home/labuser/test1/.git/
labuser@labuser-virtual-machine:~/test1$ git init
Reinitialized existing Git repository in /home/labuser/test1/.git/
labuser@labuser-virtual-machine:~/test1$ echo "test1" > test1
labuser@labuser-virtual-machine:~/test1$ ls
test1
labuser@labuser-virtual-machine:~/test1$ git status
On branch master

No commits yet

Untracked files:
  (use "git add <file>..." to include in what will be committed)
	test1

nothing added to commit but untracked files present (use "git add" to track)
labuser@labuser-virtual-machine:~/test1$ git add .
labuser@labuser-virtual-machine:~/test1$ git commit -m "change1"
[master (root-commit) b144d62] change1
 1 file changed, 1 insertion(+)
 create mode 100644 test1
labuser@labuser-virtual-machine:~/test1$ git remote add origin https://github.com/Chicku77/labtest1.git
labuser@labuser-virtual-machine:~/test1$ git remote --v
origin	https://github.com/Chicku77/labtest1.git (fetch)
origin	https://github.com/Chicku77/labtest1.git (push)
labuser@labuser-virtual-machine:~/test1$ git push -u origin master
Username for 'https://github.com': Chicku77
Password for 'https://Chicku77@github.com': 
remote: Support for password authentication was removed on August 13, 2021.
remote: Please see https://docs.github.com/get-started/getting-started-with-git/about-remote-repositories#cloning-with-https-urls for information on currently recommended modes of authentication.
fatal: Authentication failed for 'https://github.com/Chicku77/labtest1.git/'
labuser@labuser-virtual-machine:~/test1$ git push -u origin master
Username for 'https://github.com': Chicku77
Password for 'https://Chicku77@github.com': 
remote: Support for password authentication was removed on August 13, 2021.
remote: Please see https://docs.github.com/get-started/getting-started-with-git/about-remote-repositories#cloning-with-https-urls for information on currently recommended modes of authentication.
fatal: Authentication failed for 'https://github.com/Chicku77/labtest1.git/'
labuser@labuser-virtual-machine:~/test1$ git push -u origin master
Username for 'https://github.com': Chicku77
Password for 'https://Chicku77@github.com': 
remote: Support for password authentication was removed on August 13, 2021.
remote: Please see https://docs.github.com/get-started/getting-started-with-git/about-remote-repositories#cloning-with-https-urls for information on currently recommended modes of authentication.
fatal: Authentication failed for 'https://github.com/Chicku77/labtest1.git/'
labuser@labuser-virtual-machine:~/test1$ git push -u origin master
Username for 'https://github.com': Chicku77
Password for 'https://Chicku77@github.com': 
remote: Support for password authentication was removed on August 13, 2021.
remote: Please see https://docs.github.com/get-started/getting-started-with-git/about-remote-repositories#cloning-with-https-urls for information on currently recommended modes of authentication.
fatal: Authentication failed for 'https://github.com/Chicku77/labtest1.git/'
labuser@labuser-virtual-machine:~/test1$ git push -u origin master
Username for 'https://github.com': Chicku77
Password for 'https://Chicku77@github.com': 
remote: Permission to Chicku77/labtest1.git denied to Chicku77.
fatal: unable to access 'https://github.com/Chicku77/labtest1.git/': The requested URL returned error: 403
labuser@labuser-virtual-machine:~/test1$ git push -u origin master
Username for 'https://github.com': Chicku77
Password for 'https://Chicku77@github.com': 
remote: Support for password authentication was removed on August 13, 2021.
remote: Please see https://docs.github.com/get-started/getting-started-with-git/about-remote-repositories#cloning-with-https-urls for information on currently recommended modes of authentication.
fatal: Authentication failed for 'https://github.com/Chicku77/labtest1.git/'
labuser@labuser-virtual-machine:~/test1$ git push -u origin master
Username for 'https://github.com': Chicku77
Password for 'https://Chicku77@github.com': 
remote: Support for password authentication was removed on August 13, 2021.
remote: Please see https://docs.github.com/get-started/getting-started-with-git/about-remote-repositories#cloning-with-https-urls for information on currently recommended modes of authentication.
fatal: Authentication failed for 'https://github.com/Chicku77/labtest1.git/'
labuser@labuser-virtual-machine:~/test1$ git push -u origin master
Username for 'https://github.com': Chicku77
Password for 'https://Chicku77@github.com': 
remote: Invalid username or password.
fatal: Authentication failed for 'https://github.com/Chicku77/labtest1.git/'
labuser@labuser-virtual-machine:~/test1$ git push -u origin master
Username for 'https://github.com': Chicku77
Password for 'https://Chicku77@github.com': 
remote: Support for password authentication was removed on August 13, 2021.
remote: Please see https://docs.github.com/get-started/getting-started-with-git/about-remote-repositories#cloning-with-https-urls for information on currently recommended modes of authentication.
fatal: Authentication failed for 'https://github.com/Chicku77/labtest1.git/'
labuser@labuser-virtual-machine:~/test1$ 
labuser@labuser-virtual-machine:~/test1$ git push -u origin master
Username for 'https://github.com': Chicku77
Password for 'https://Chicku77@github.com': 
remote: Permission to Chicku77/labtest1.git denied to Chicku77.
fatal: unable to access 'https://github.com/Chicku77/labtest1.git/': The requested URL returned error: 403
labuser@labuser-virtual-machine:~/test1$ git push -u origin master
Username for 'https://github.com': Hari
Password for 'https://Hari@github.com': 
remote: Invalid username or password.
fatal: Authentication failed for 'https://github.com/Chicku77/labtest1.git/'
labuser@labuser-virtual-machine:~/test1$ git push -u origin master
Username for 'https://github.com': Chicku77
Password for 'https://Chicku77@github.com': 
remote: Invalid username or password.
fatal: Authentication failed for 'https://github.com/Chicku77/labtest1.git/'
labuser@labuser-virtual-machine:~/test1$ git push -u origin master
Username for 'https://github.com': Chicku77
Password for 'https://Chicku77@github.com': 
remote: Invalid username or password.
fatal: Authentication failed for 'https://github.com/Chicku77/labtest1.git/'
labuser@labuser-virtual-machine:~/test1$ git push -u origin master
Username for 'https://github.com': Chicku77
Password for 'https://Chicku77@github.com': 
remote: Invalid username or password.
fatal: Authentication failed for 'https://github.com/Chicku77/labtest1.git/'
labuser@labuser-virtual-machine:~/test1$ git config --global Chicku77
error: key does not contain a section: Chicku77
labuser@labuser-virtual-machine:~/test1$ git config --global user.name
David Robichaud
labuser@labuser-virtual-machine:~/test1$ git config --global user.name Chicku77
labuser@labuser-virtual-machine:~/test1$ git config --global user.name 
Chicku77
labuser@labuser-virtual-machine:~/test1$ git push -u origin master
Username for 'https://github.com': Chicku77
Password for 'https://Chicku77@github.com': 
remote: Invalid username or password.
fatal: Authentication failed for 'https://github.com/Chicku77/labtest1.git/'
labuser@labuser-virtual-machine:~/test1$ git push -u origin master
Username for 'https://github.com': Chicku77
Password for 'https://Chicku77@github.com': 
remote: Invalid username or password.
fatal: Authentication failed for 'https://github.com/Chicku77/labtest1.git/'
labuser@labuser-virtual-machine:~/test1$ git push -u origin master
Username for 'https://github.com': Chicku77
Password for 'https://Chicku77@github.com': 
remote: Invalid username or password.
fatal: Authentication failed for 'https://github.com/Chicku77/labtest1.git/'
labuser@labuser-virtual-machine:~/test1$ git push -u origin master
Username for 'https://github.com': Chicku77
Password for 'https://Chicku77@github.com': 
remote: Permission to Chicku77/labtest1.git denied to Chicku77.
fatal: unable to access 'https://github.com/Chicku77/labtest1.git/': The requested URL returned error: 403
labuser@labuser-virtual-machine:~/test1$ git push -u origin master
Username for 'https://github.com': Chicku77
Password for 'https://Chicku77@github.com': 
remote: Invalid username or password.
fatal: Authentication failed for 'https://github.com/Chicku77/labtest1.git/'
labuser@labuser-virtual-machine:~/test1$ git push -u origin master
Username for 'https://github.com': Chicku77
Password for 'https://Chicku77@github.com': 
remote: Permission to Chicku77/labtest1.git denied to Chicku77.
fatal: unable to access 'https://github.com/Chicku77/labtest1.git/': The requested URL returned error: 403
labuser@labuser-virtual-machine:~/test1$ git push -u origin master
Username for 'https://github.com': Chicku77
Password for 'https://Chicku77@github.com': 
Enumerating objects: 3, done.
Counting objects: 100% (3/3), done.
Writing objects: 100% (3/3), 222 bytes | 222.00 KiB/s, done.
Total 3 (delta 0), reused 0 (delta 0), pack-reused 0
To https://github.com/Chicku77/labtest1.git
 * [new branch]      master -> master
Branch 'master' set up to track remote branch 'master' from 'origin'.
labuser@labuser-virtual-machine:~/test1$ ls
test1
labuser@labuser-virtual-machine:~/test1$ nano test1
labuser@labuser-virtual-machine:~/test1$ git add .
labuser@labuser-virtual-machine:~/test1$ git commit -m "change2"
[master 85dd0cd] change2
 1 file changed, 2 insertions(+), 1 deletion(-)
labuser@labuser-virtual-machine:~/test1$ git push -u origin master
Username for 'https://github.com': Chicku77
Password for 'https://Chicku77@github.com': 
Enumerating objects: 5, done.
Counting objects: 100% (5/5), done.
Writing objects: 100% (3/3), 247 bytes | 247.00 KiB/s, done.
Total 3 (delta 0), reused 0 (delta 0), pack-reused 0
To https://github.com/Chicku77/labtest1.git
   b144d62..85dd0cd  master -> master
Branch 'master' set up to track remote branch 'master' from 'origin'.
labuser@labuser-virtual-machine:~/test1$ git branch
* master
labuser@labuser-virtual-machine:~/test1$ git branch devops1
labuser@labuser-virtual-machine:~/test1$ git checkout devops1
Switched to branch 'devops1'
labuser@labuser-virtual-machine:~/test1$ git branch
* devops1
  master
labuser@labuser-virtual-machine:~/test1$ echo "test3" > file1
labuser@labuser-virtual-machine:~/test1$ echo "test4" > file2
labuser@labuser-virtual-machine:~/test1$ ls -li
total 12
6162034 -rw-rw-r-- 1 labuser labuser 6 Dec 14 06:37 file1
6162088 -rw-rw-r-- 1 labuser labuser 6 Dec 14 06:38 file2
6162036 -rw-rw-r-- 1 labuser labuser 7 Dec 14 06:33 test1
labuser@labuser-virtual-machine:~/test1$ git add .
labuser@labuser-virtual-machine:~/test1$ git commit -m "change4"
[devops1 0d50206] change4
 2 files changed, 2 insertions(+)
 create mode 100644 file1
 create mode 100644 file2
labuser@labuser-virtual-machine:~/test1$ git push -u origin devops1
Username for 'https://github.com': Chicku77
Password for 'https://Chicku77@github.com': 
Enumerating objects: 5, done.
Counting objects: 100% (5/5), done.
Delta compression using up to 4 threads
Compressing objects: 100% (2/2), done.
Writing objects: 100% (4/4), 317 bytes | 317.00 KiB/s, done.
Total 4 (delta 0), reused 0 (delta 0), pack-reused 0
remote: 
remote: Create a pull request for 'devops1' on GitHub by visiting:
remote:      https://github.com/Chicku77/labtest1/pull/new/devops1
remote: 
To https://github.com/Chicku77/labtest1.git
 * [new branch]      devops1 -> devops1
Branch 'devops1' set up to track remote branch 'devops1' from 'origin'.
labuser@labuser-virtual-machine:~/test1$ git branch
* devops1
  master
labuser@labuser-virtual-machine:~/test1$ git checkout master
Switched to branch 'master'
Your branch is up to date with 'origin/master'.
labuser@labuser-virtual-machine:~/test1$ git merge devops1
Updating 85dd0cd..0d50206
Fast-forward
 file1 | 1 +
 file2 | 1 +
 2 files changed, 2 insertions(+)
 create mode 100644 file1
 create mode 100644 file2
labuser@labuser-virtual-machine:~/test1$ git log
commit 0d502061bc63c9896e0abb1e15e73577560b1c92 (HEAD -> master, origin/devops1, devops1)
Author: Chicku77 <david.robichaud@skillsoft.com>
Date:   Sat Dec 14 06:39:05 2024 -0500

    change4

commit 85dd0cdcf31e3e613e9ce6b86f36075d805fc76e (origin/master)
Author: Chicku77 <david.robichaud@skillsoft.com>
Date:   Sat Dec 14 06:33:35 2024 -0500

    change2

commit b144d6207520acdf099cd3bc164cfc27990c704a
Author: David Robichaud <david.robichaud@skillsoft.com>
Date:   Sat Dec 14 05:11:21 2024 -0500

    change1
labuser@labuser-virtual-machine:~/test1$ git config --global user.name David Robinchaud
labuser@labuser-virtual-machine:~/test1$ git log
commit 0d502061bc63c9896e0abb1e15e73577560b1c92 (HEAD -> master, origin/devops1, devops1)
Author: Chicku77 <david.robichaud@skillsoft.com>
Date:   Sat Dec 14 06:39:05 2024 -0500

    change4

commit 85dd0cdcf31e3e613e9ce6b86f36075d805fc76e (origin/master)
Author: Chicku77 <david.robichaud@skillsoft.com>
Date:   Sat Dec 14 06:33:35 2024 -0500

    change2

commit b144d6207520acdf099cd3bc164cfc27990c704a
Author: David Robichaud <david.robichaud@skillsoft.com>
Date:   Sat Dec 14 05:11:21 2024 -0500

    change1
labuser@labuser-virtual-machine:~/test1$ git log --oneline
0d50206 (HEAD -> master, origin/devops1, devops1) change4
85dd0cd (origin/master) change2
b144d62 change1
labuser@labuser-virtual-machine:~/test1$ cd
labuser@labuser-virtual-machine:~$ git clone https://github.com/Chicku77/labtest1.git
Cloning into 'labtest1'...
remote: Enumerating objects: 10, done.
remote: Counting objects: 100% (10/10), done.
remote: Compressing objects: 100% (4/4), done.
remote: Total 10 (delta 0), reused 10 (delta 0), pack-reused 0 (from 0)
Receiving objects: 100% (10/10), done.
labuser@labuser-virtual-machine:~$ ls -li
total 56
6029410 drwxr-xr-x 2 labuser labuser 4096 Sep 12  2023  Desktop
6029414 drwxr-xr-x 3 labuser labuser 4096 Dec 15  2023  Documents
6029411 drwxr-xr-x 2 labuser labuser 4096 Dec 18  2023  Downloads
6036475 -rw-rw-r-- 1 labuser labuser   53 Dec 18  2023  execute.yml
6029387 drwxrwxr-x 3 labuser labuser 4096 Dec 14 06:46  labtest1
6029415 drwxr-xr-x 2 labuser labuser 4096 Sep 12  2023  Music
6029416 drwxr-xr-x 2 labuser labuser 4096 Sep 12  2023  Pictures
6029413 drwxr-xr-x 2 labuser labuser 4096 Sep 12  2023  Public
6030259 drwxrwxr-x 2 labuser labuser 4096 Dec 18  2023  repos
6029322 drwx------ 6 labuser labuser 4096 Dec 15  2023  snap
6029412 drwxr-xr-x 2 labuser labuser 4096 Sep 12  2023  Templates
6162011 drwxrwxr-x 3 labuser labuser 4096 Dec 14 06:41  test1
6029388 -rw-rw-r-- 1 labuser labuser   41 Dec 14 06:03 'Untitled Document 1'
6029418 drwxr-xr-x 2 labuser labuser 4096 Sep 12  2023  Videos
labuser@labuser-virtual-machine:~$ mkdir dev1
labuser@labuser-virtual-machine:~$ cd dev1
labuser@labuser-virtual-machine:~/dev1$ git pull https://github.com/Chicku77/labtest1.git
fatal: not a git repository (or any of the parent directories): .git
labuser@labuser-virtual-machine:~/dev1$ git init
hint: Using 'master' as the name for the initial branch. This default branch name
hint: is subject to change. To configure the initial branch name to use in all
hint: of your new repositories, which will suppress this warning, call:
hint: 
hint: 	git config --global init.defaultBranch <name>
hint: 
hint: Names commonly chosen instead of 'master' are 'main', 'trunk' and
hint: 'development'. The just-created branch can be renamed via this command:
hint: 
hint: 	git branch -m <name>
Initialized empty Git repository in /home/labuser/dev1/.git/
labuser@labuser-virtual-machine:~/dev1$ git init .
Reinitialized existing Git repository in /home/labuser/dev1/.git/
labuser@labuser-virtual-machine:~/dev1$ git remote --v
labuser@labuser-virtual-machine:~/dev1$ git pull https://github.com/Chicku77/labtest1.git master
remote: Enumerating objects: 6, done.
remote: Counting objects: 100% (6/6), done.
remote: Compressing objects: 100% (2/2), done.
remote: Total 6 (delta 0), reused 6 (delta 0), pack-reused 0 (from 0)
Unpacking objects: 100% (6/6), 417 bytes | 417.00 KiB/s, done.
From https://github.com/Chicku77/labtest1
 * branch            master     -> FETCH_HEAD
labuser@labuser-virtual-machine:~/dev1$ branch
Command 'branch' not found, but can be installed with:
sudo apt install rheolef
labuser@labuser-virtual-machine:~/dev1$ sudo apt install rheolef
[sudo] password for labuser: 
sadSorry, try again.
[sudo] password for labuser: 
Sorry, try again.
[sudo] password for labuser: 
^[sudo: 3 incorrect password attempts
labuser@labuser-virtual-machine:~/dev1$ git branch
* master
labuser@labuser-virtual-machine:~/dev1$ ls -li
total 4
6032074 -rw-rw-r-- 1 labuser labuser 7 Dec 14 06:50 test1
labuser@labuser-virtual-machine:~/dev1$ git branch m1
labuser@labuser-virtual-machine:~/dev1$ checkout branch m1
checkout: command not found
labuser@labuser-virtual-machine:~/dev1$ checkout m1
checkout: command not found
labuser@labuser-virtual-machine:~/dev1$ git checkout m1
Switched to branch 'm1'
labuser@labuser-virtual-machine:~/dev1$ echo "apple1" > fruit
labuser@labuser-virtual-machine:~/dev1$ ls
fruit  test1
labuser@labuser-virtual-machine:~/dev1$ git checkout master
Switched to branch 'master'
labuser@labuser-virtual-machine:~/dev1$ ls
fruit  test1
labuser@labuser-virtual-machine:~/dev1$ git checkout m1
Switched to branch 'm1'
labuser@labuser-virtual-machine:~/dev1$ ls
fruit  test1
labuser@labuser-virtual-machine:~/dev1$ git rebase master
Current branch m1 is up to date.



